// Jest Snapshot v1, https://goo.gl/fbAQLP

exports[`Home renders correctly 1`] = `
<RCTScrollView
  style={
    Object {
      "backgroundColor": "#ffffff",
      "flex": 1,
    }
  }
>
  <View>
    <RCTSafeAreaView
      emulateUnlessSupported={true}
      style={
        Array [
          Object {
            "alignItems": "center",
            "flexDirection": "row",
            "justifyContent": "space-between",
          },
          Object {
            "backgroundColor": "#ffffff",
            "height": 50,
            "width": "100%",
          },
        ]
      }
    >
      <View>
        <Image
          resizeMode="contain"
          source={
            Object {
              "testUri": "../../../assets/images/logo.png",
            }
          }
          style={
            Object {
              "height": "100%",
              "width": 60,
            }
          }
        />
      </View>
      <View>
        <Text
          allowFontScaling={false}
          style={
            Array [
              Object {
                "color": undefined,
                "fontSize": 10,
              },
              Object {
                "color": "#030303",
                "fontSize": 24,
                "marginRight": 2,
              },
              Object {
                "fontFamily": "Feather",
                "fontStyle": "normal",
                "fontWeight": "normal",
              },
              Object {},
            ]
          }
        >
          
        </Text>
      </View>
    </RCTSafeAreaView>
    <Image
      resizeMode="cover"
      source={
        Object {
          "testUri": "../../../assets/images/nft_cover.webp",
        }
      }
      style={
        Object {
          "height": 200,
          "width": "100%",
        }
      }
    />
    <View
      style={
        Array [
          Object {
            "alignItems": "center",
            "flexDirection": "row",
            "justifyContent": "space-between",
          },
          Object {
            "marginHorizontal": 21.5,
            "marginVertical": 28,
          },
        ]
      }
    >
      <View
        style={
          Object {
            "alignItems": "center",
            "flex": 1,
            "justifyContent": "center",
            "marginHorizontal": 5,
            "padding": 5,
          }
        }
      >
        <View
          style={
            Object {
              "alignItems": "center",
              "height": 55,
              "justifyContent": "center",
              "marginBottom": 5,
              "width": 55,
            }
          }
        >
          <View
            style={
              Array [
                Object {
                  "borderRadius": 100,
                  "height": "100%",
                  "opacity": 0.1,
                  "position": "absolute",
                  "width": "100%",
                  "zIndex": -1,
                },
                Object {
                  "backgroundColor": "#4EACFE",
                },
              ]
            }
          />
          <Text
            allowFontScaling={false}
            style={
              Array [
                Object {
                  "color": "#4EACFE",
                  "fontSize": 20,
                },
                undefined,
                Object {
                  "fontFamily": "Material Design Icons",
                  "fontStyle": "normal",
                  "fontWeight": "normal",
                },
                Object {},
              ]
            }
          >
            󰡪
          </Text>
        </View>
        <Text>
          Etherum
        </Text>
      </View>
      <View
        style={
          Object {
            "alignItems": "center",
            "flex": 1,
            "justifyContent": "center",
            "marginHorizontal": 5,
            "padding": 5,
          }
        }
      >
        <View
          style={
            Object {
              "alignItems": "center",
              "height": 55,
              "justifyContent": "center",
              "marginBottom": 5,
              "width": 55,
            }
          }
        >
          <View
            style={
              Array [
                Object {
                  "borderRadius": 100,
                  "height": "100%",
                  "opacity": 0.1,
                  "position": "absolute",
                  "width": "100%",
                  "zIndex": -1,
                },
                Object {
                  "backgroundColor": "#43EB87",
                },
              ]
            }
          />
          <Text
            allowFontScaling={false}
            style={
              Array [
                Object {
                  "color": "#43EB87",
                  "fontSize": 20,
                },
                undefined,
                Object {
                  "fontFamily": "Material Design Icons",
                  "fontStyle": "normal",
                  "fontWeight": "normal",
                },
                Object {},
              ]
            }
          >
            󰖄
          </Text>
        </View>
        <Text>
          Wallet
        </Text>
      </View>
      <View
        style={
          Object {
            "alignItems": "center",
            "flex": 1,
            "justifyContent": "center",
            "marginHorizontal": 5,
            "padding": 5,
          }
        }
      >
        <View
          style={
            Object {
              "alignItems": "center",
              "height": 55,
              "justifyContent": "center",
              "marginBottom": 5,
              "width": 55,
            }
          }
        >
          <View
            style={
              Array [
                Object {
                  "borderRadius": 100,
                  "height": "100%",
                  "opacity": 0.1,
                  "position": "absolute",
                  "width": "100%",
                  "zIndex": -1,
                },
                Object {
                  "backgroundColor": "#FA7098",
                },
              ]
            }
          />
          <Text
            allowFontScaling={false}
            style={
              Array [
                Object {
                  "color": "#FA7098",
                  "fontSize": 20,
                },
                undefined,
                Object {
                  "fontFamily": "Material Design Icons",
                  "fontStyle": "normal",
                  "fontWeight": "normal",
                },
                Object {},
              ]
            }
          >
            󰐨
          </Text>
        </View>
        <Text>
          Art
        </Text>
      </View>
      <View
        style={
          Object {
            "alignItems": "center",
            "flex": 1,
            "justifyContent": "center",
            "marginHorizontal": 5,
            "padding": 5,
          }
        }
      >
        <View
          style={
            Object {
              "alignItems": "center",
              "height": 55,
              "justifyContent": "center",
              "marginBottom": 5,
              "width": 55,
            }
          }
        >
          <View
            style={
              Array [
                Object {
                  "borderRadius": 100,
                  "height": "100%",
                  "opacity": 0.1,
                  "position": "absolute",
                  "width": "100%",
                  "zIndex": -1,
                },
                Object {
                  "backgroundColor": "#7F02FF",
                },
              ]
            }
          />
          <Text
            allowFontScaling={false}
            style={
              Array [
                Object {
                  "color": "#7F02FF",
                  "fontSize": 20,
                },
                undefined,
                Object {
                  "fontFamily": "Material Design Icons",
                  "fontStyle": "normal",
                  "fontWeight": "normal",
                },
                Object {},
              ]
            }
          >
            󰐝
          </Text>
        </View>
        <Text>
          Mandela
        </Text>
      </View>
    </View>
    <View
      style={
        Object {
          "marginHorizontal": 34.5,
        }
      }
    >
      <Text
        style={
          Object {
            "color": "#030303",
            "fontSize": 34.5,
            "fontWeight": "700",
            "letterSpacing": 2,
          }
        }
      >
        Featured NFT's
      </Text>
      <RCTScrollView
        contentContainerStyle={
          Object {
            "paddingVertical": 5,
          }
        }
        data={
          Array [
            Object {
              "colors": Array [
                "red",
                "green",
              ],
              "description": "Lorem ipsum dolor sit amet, consectetur adipiscing elit.Sed et suscipit elit. Nunc efficitur lacinia magna, nec ultrices velit bibendum in. Nulla gravida consectetur nunc, at dictum orci posuere eget. Aenean sit amet lacus viverra, semper diam at, gravida mauris. Suspendisse ut euismod lacus. Vestibulum sed aliquam odio. Aenean quis mattis metus, sed suscipit ante. Suspendisse cursus erat lectus. Cras vestibulum hendrerit quam eget tristique. Etiam maximus mauris massa, sit amet pharetra leo egestas sit amet. Integer sit amet suscipit sapien. Donec non lobortis arcu. Sed commodo mollis purus, quis congue risus iaculis ac.",
              "id": "1",
              "images": Array [
                "https://imgprd19.hobbylobby.com/9/5f/26/95f264323ae49e65b2a53a909fcd7d9ee659f3c7/350Wx350H-422519-0320.jpg",
                "https://www.artofbrilliance.co.uk/wp-content/uploads/2019/02/happy-tshirt-1.jpg",
              ],
              "name": "Roar",
              "price": "15",
              "reviews": 0,
              "sizes": Array [
                "x",
                "xl",
                "s",
              ],
              "status": true,
              "thumbnail": "https://encrypted-tbn0.gstatic.com/images?q=tbn:ANd9GcR82vAwJqDl9nuVVIfXbZkXYC8Dhp3-K95_qQ&usqp=CAU",
            },
            Object {
              "colors": Array [
                "red",
                "brown",
              ],
              "description": "Lorem ipsum dolor sit amet, consectetur adipiscing elit. Sed risus nunc.Nec ultrices velit bibendum in. Nulla gravida consectetur nunc, at dictum orci posuere eget. Aenean sit amet lacus viverra, semper diam at, gravida mauris. Suspendisse ut euismod lacus. Vestibulum sed aliquam odio. Aenean quis mattis metus, sed suscipit ante. Suspendisse cursus erat lectus. Cras vestibulum hendrerit quam eget tristique. Etiam maximus mauris massa, sit amet pharetra leo egestas sit amet. Integer sit amet suscipit sapien. Donec non lobortis arcu. Sed commodo mollis purus, quis congue risus iaculis ac.",
              "id": "2",
              "images": Array [
                "https://imgprd19.hobbylobby.com/9/5f/26/95f264323ae49e65b2a53a909fcd7d9ee659f3c7/350Wx350H-422519-0320.jpg",
                "https://www.artofbrilliance.co.uk/wp-content/uploads/2019/02/happy-tshirt-1.jpg",
              ],
              "name": "Dexter",
              "price": "10",
              "reviews": 0,
              "sizes": Array [
                "x",
                "xl",
                "s",
              ],
              "status": true,
              "thumbnail": "https://encrypted-tbn0.gstatic.com/images?q=tbn:ANd9GcSwGKDImGR9DWBjL55LWB2VLMMKcoZsNBeMGrcjXeuiUydpV-ZuYwC6l5lnFCATymYX4Pw&usqp=CAU",
            },
            Object {
              "colors": Array [
                "gray",
                "red",
              ],
              "description": "Lorem ipsum dolor sit amet, consectetur adipiscing elit. Sed risus nunc, vehicula eu ligula at, auctor consequat sapien. Sed et suscipit elit. Nunc efficitur lacinia magna, nec ultrices velit bibendum in. Nulla gravida consectetur nunc, at dictum orci posuere eget. Aenean sit amet lacus viverra, semper diam at, gravida mauris. Suspendisse ut euismod lacus. Vestibulum sed aliquam odio. Aenean quis mattis metus, sed suscipit ante. Suspendisse cursus erat lectus. Cras vestibulum hendrerit quam eget tristique. Etiam maximus mauris massa, sit amet pharetra leo egestas sit amet. Integer sit amet suscipit sapien. Donec non lobortis arcu. Sed commodo mollis purus, quis congue risus iaculis ac.",
              "id": "3",
              "images": Array [
                "https://d1qhd0c0zfn8ct.cloudfront.net/wp-content/uploads/2013/08/t-shirt-business.jpg",
              ],
              "name": "Polo",
              "price": "30",
              "reviews": 0,
              "sizes": Array [
                "x",
                "xl",
                "s",
              ],
              "status": true,
              "thumbnail": "https://cdn.mos.cms.futurecdn.net/kGcaaAKVdRJAg5BrpJSyAM.jpg",
            },
            Object {
              "colors": Array [
                "pink",
                "green",
              ],
              "description": "Lorem ipsum dolor sit amet, consectetur adipiscing elit. Sed risus nunc, vehicula eu ligula at, auctor consequat sapien. Sed et suscipit elit. Nunc efficitur lacinia magna, nec ultrices velit bibendum in. Nulla gravida consectetur nunc, at dictum orci posuere eget. Aenean sit amet lacus viverra, semper diam at, gravida mauris. Suspendisse ut euismod lacus. Vestibulum sed aliquam odio. Aenean quis mattis metus, sed suscipit ante. Suspendisse cursus erat lectus.",
              "id": "4",
              "images": Array [
                "https://imgs.michaels.com/MAM/assets/1/726D45CA1C364650A39CD1B336F03305/img/91F89859AE004153A24E7852F8666F0F/10093625_r.jpg",
              ],
              "name": "Hotty",
              "price": "50",
              "reviews": 0,
              "sizes": Array [
                "x",
                "xl",
                "s",
              ],
              "thumbnail": "https://cdn.vox-cdn.com/thumbor/bouCIhEhMramGHZAiQGaa3q43vo=/1400x1400/filters:format(png)/cdn.vox-cdn.com/uploads/chorus_asset/file/22341171/Screen_Shot_2021_03_02_at_3.21.50_PM.png",
            },
          ]
        }
        getItem={[Function]}
        getItemCount={[Function]}
        horizontal={true}
        keyExtractor={[Function]}
        onContentSizeChange={[Function]}
        onLayout={[Function]}
        onMomentumScrollBegin={[Function]}
        onMomentumScrollEnd={[Function]}
        onScroll={[Function]}
        onScrollBeginDrag={[Function]}
        onScrollEndDrag={[Function]}
        removeClippedSubviews={false}
        renderItem={[Function]}
        scrollEventThrottle={50}
        showsHorizontalScrollIndicator={false}
        stickyHeaderIndices={Array []}
        viewabilityConfigCallbackPairs={Array []}
      >
        <View>
          <View
            onLayout={[Function]}
            style={
              Array [
                Object {
                  "flexDirection": "row",
                },
                null,
              ]
            }
          >
            <View
              style={
                Object {
                  "backgroundColor": "#ffffff",
                  "borderRadius": 10,
                  "elevation": 3,
                  "justifyContent": "center",
                  "margin": 3,
                  "marginRight": 20,
                  "padding": 5,
                  "width": 150,
                }
              }
            >
              <Image
                resizeMode="cover"
                source={
                  Object {
                    "uri": "https://encrypted-tbn0.gstatic.com/images?q=tbn:ANd9GcR82vAwJqDl9nuVVIfXbZkXYC8Dhp3-K95_qQ&usqp=CAU",
                  }
                }
                style={
                  Object {
                    "height": 100,
                    "width": "100%",
                  }
                }
              />
              <View
                style={
                  Object {
                    "paddingHorizontal": 10,
                    "paddingVertical": 7,
                  }
                }
              >
                <Text
                  style={
                    Object {
                      "color": "#030303",
                      "fontSize": 26.5,
                      "fontWeight": "700",
                    }
                  }
                >
                  Roar
                </Text>
                <Text
                  style={
                    Object {
                      "color": "#030303",
                      "fontSize": 25.5,
                    }
                  }
                >
                  Eth 
                  15
                </Text>
              </View>
            </View>
          </View>
          <View
            onLayout={[Function]}
            style={
              Array [
                Object {
                  "flexDirection": "row",
                },
                null,
              ]
            }
          >
            <View
              style={
                Object {
                  "backgroundColor": "#ffffff",
                  "borderRadius": 10,
                  "elevation": 3,
                  "justifyContent": "center",
                  "margin": 3,
                  "marginRight": 20,
                  "padding": 5,
                  "width": 150,
                }
              }
            >
              <Image
                resizeMode="cover"
                source={
                  Object {
                    "uri": "https://encrypted-tbn0.gstatic.com/images?q=tbn:ANd9GcSwGKDImGR9DWBjL55LWB2VLMMKcoZsNBeMGrcjXeuiUydpV-ZuYwC6l5lnFCATymYX4Pw&usqp=CAU",
                  }
                }
                style={
                  Object {
                    "height": 100,
                    "width": "100%",
                  }
                }
              />
              <View
                style={
                  Object {
                    "paddingHorizontal": 10,
                    "paddingVertical": 7,
                  }
                }
              >
                <Text
                  style={
                    Object {
                      "color": "#030303",
                      "fontSize": 26.5,
                      "fontWeight": "700",
                    }
                  }
                >
                  Dexter
                </Text>
                <Text
                  style={
                    Object {
                      "color": "#030303",
                      "fontSize": 25.5,
                    }
                  }
                >
                  Eth 
                  10
                </Text>
              </View>
            </View>
          </View>
          <View
            onLayout={[Function]}
            style={
              Array [
                Object {
                  "flexDirection": "row",
                },
                null,
              ]
            }
          >
            <View
              style={
                Object {
                  "backgroundColor": "#ffffff",
                  "borderRadius": 10,
                  "elevation": 3,
                  "justifyContent": "center",
                  "margin": 3,
                  "marginRight": 20,
                  "padding": 5,
                  "width": 150,
                }
              }
            >
              <Image
                resizeMode="cover"
                source={
                  Object {
                    "uri": "https://cdn.mos.cms.futurecdn.net/kGcaaAKVdRJAg5BrpJSyAM.jpg",
                  }
                }
                style={
                  Object {
                    "height": 100,
                    "width": "100%",
                  }
                }
              />
              <View
                style={
                  Object {
                    "paddingHorizontal": 10,
                    "paddingVertical": 7,
                  }
                }
              >
                <Text
                  style={
                    Object {
                      "color": "#030303",
                      "fontSize": 26.5,
                      "fontWeight": "700",
                    }
                  }
                >
                  Polo
                </Text>
                <Text
                  style={
                    Object {
                      "color": "#030303",
                      "fontSize": 25.5,
                    }
                  }
                >
                  Eth 
                  30
                </Text>
              </View>
            </View>
          </View>
          <View
            onLayout={[Function]}
            style={
              Array [
                Object {
                  "flexDirection": "row",
                },
                null,
              ]
            }
          >
            <View
              style={
                Object {
                  "backgroundColor": "#ffffff",
                  "borderRadius": 10,
                  "elevation": 3,
                  "justifyContent": "center",
                  "margin": 3,
                  "marginRight": 20,
                  "padding": 5,
                  "width": 150,
                }
              }
            >
              <Image
                resizeMode="cover"
                source={
                  Object {
                    "uri": "https://cdn.vox-cdn.com/thumbor/bouCIhEhMramGHZAiQGaa3q43vo=/1400x1400/filters:format(png)/cdn.vox-cdn.com/uploads/chorus_asset/file/22341171/Screen_Shot_2021_03_02_at_3.21.50_PM.png",
                  }
                }
                style={
                  Object {
                    "height": 100,
                    "width": "100%",
                  }
                }
              />
              <View
                style={
                  Object {
                    "paddingHorizontal": 10,
                    "paddingVertical": 7,
                  }
                }
              >
                <Text
                  style={
                    Object {
                      "color": "#030303",
                      "fontSize": 26.5,
                      "fontWeight": "700",
                    }
                  }
                >
                  Hotty
                </Text>
                <Text
                  style={
                    Object {
                      "color": "#030303",
                      "fontSize": 25.5,
                    }
                  }
                >
                  Eth 
                  50
                </Text>
              </View>
            </View>
          </View>
        </View>
      </RCTScrollView>
    </View>
    <View
      style={
        Object {
          "marginHorizontal": 34.5,
        }
      }
    >
      <Text
        style={
          Object {
            "color": "#030303",
            "fontSize": 34.5,
            "fontWeight": "700",
            "letterSpacing": 2,
          }
        }
      >
        Recent NFT's
      </Text>
      <View>
        <View
          style={
            Array [
              Object {
                "backgroundColor": "#FFFFFF",
                "borderRadius": 25,
                "elevation": 2,
                "flexDirection": "row",
                "justifyContent": "space-between",
                "overflow": "hidden",
                "paddingTop": 20,
                "shadowOffset": Object {
                  "height": 2,
                  "width": 0,
                },
                "shadowOpacity": 0.05,
                "shadowRadius": 10,
              },
              Object {
                "marginTop": 10,
              },
            ]
          }
        >
          <View>
            <View
              style={
                Object {
                  "alignItems": "center",
                  "flexDirection": "row",
                  "paddingLeft": 20,
                }
              }
            >
              <Text
                allowFontScaling={false}
                style={
                  Array [
                    Object {
                      "color": "#B51F67",
                      "fontSize": 15,
                    },
                    Object {
                      "marginRight": 10,
                    },
                    Object {
                      "fontFamily": "Material Design Icons",
                      "fontStyle": "normal",
                      "fontWeight": "normal",
                    },
                    Object {},
                  ]
                }
              >
                󰆥
              </Text>
              <Text
                style={
                  Object {
                    "color": "#030303",
                  }
                }
              >
                top of the week
              </Text>
            </View>
            <View
              style={
                Object {
                  "marginTop": 20,
                  "paddingLeft": 20,
                }
              }
            >
              <Text
                style={
                  Object {
                    "color": "#030303",
                  }
                }
              >
                Primavera
              </Text>
              <Text
                style={
                  Object {
                    "color": "#333",
                  }
                }
              >
                Eth 
                3.99
              </Text>
            </View>
            <View
              style={
                Object {
                  "flexDirection": "row",
                  "justifyContent": "space-between",
                  "marginTop": 10,
                }
              }
            >
              <View
                accessible={true}
                collapsable={false}
                focusable={false}
                nativeID="animatedComponent"
                onClick={[Function]}
                onResponderGrant={[Function]}
                onResponderMove={[Function]}
                onResponderRelease={[Function]}
                onResponderTerminate={[Function]}
                onResponderTerminationRequest={[Function]}
                onStartShouldSetResponder={[Function]}
                style={
                  Object {
                    "alignItems": "center",
                    "backgroundColor": "#B51F67",
                    "borderBottomLeftRadius": 25,
                    "borderTopRightRadius": 25,
                    "justifyContent": "center",
                    "opacity": 1,
                    "paddingHorizontal": 40,
                    "paddingVertical": 20,
                    "width": 90,
                  }
                }
              >
                <Text
                  allowFontScaling={false}
                  style={
                    Array [
                      Object {
                        "color": "#ffffff",
                        "fontSize": 12,
                      },
                      undefined,
                      Object {
                        "fontFamily": "Feather",
                        "fontStyle": "normal",
                        "fontWeight": "normal",
                      },
                      Object {},
                    ]
                  }
                  testID="PlusButton"
                >
                  
                </Text>
              </View>
              <View
                style={
                  Object {
                    "alignItems": "center",
                    "flexDirection": "row",
                  }
                }
              >
                <Text
                  allowFontScaling={false}
                  style={
                    Array [
                      Object {
                        "color": "#333",
                        "fontSize": 14,
                      },
                      undefined,
                      Object {
                        "fontFamily": "Material Design Icons",
                        "fontStyle": "normal",
                        "fontWeight": "normal",
                      },
                      Object {},
                    ]
                  }
                >
                  󰓎
                </Text>
                <Text
                  style={
                    Object {
                      "color": "#333",
                      "marginLeft": 5,
                    }
                  }
                >
                  5.0
                </Text>
              </View>
            </View>
          </View>
          <View
            style={
              Object {
                "marginLeft": 40,
              }
            }
          >
            <Image
              source={
                Object {
                  "uri": "https://lh3.googleusercontent.com/jE2qzOPnm6ScHWtkMJP-KLpnfeAMZChpwrDgoLRZBzkgaDi4MUhrrnb6-IPb7IAl5PopON1ghPVcufrsMy4E_Pdg84hsx5nPOjqifwg=s0",
                }
              }
              style={
                Object {
                  "borderRadius": 15,
                  "height": 125,
                  "resizeMode": "contain",
                  "width": 210,
                }
              }
            />
          </View>
        </View>
      </View>
      <View>
        <View
          style={
            Array [
              Object {
                "backgroundColor": "#FFFFFF",
                "borderRadius": 25,
                "elevation": 2,
                "flexDirection": "row",
                "justifyContent": "space-between",
                "overflow": "hidden",
                "paddingTop": 20,
                "shadowOffset": Object {
                  "height": 2,
                  "width": 0,
                },
                "shadowOpacity": 0.05,
                "shadowRadius": 10,
              },
              Object {
                "marginTop": 20,
              },
            ]
          }
        >
          <View>
            <View
              style={
                Object {
                  "alignItems": "center",
                  "flexDirection": "row",
                  "paddingLeft": 20,
                }
              }
            >
              <Text
                allowFontScaling={false}
                style={
                  Array [
                    Object {
                      "color": "#B51F67",
                      "fontSize": 15,
                    },
                    Object {
                      "marginRight": 10,
                    },
                    Object {
                      "fontFamily": "Material Design Icons",
                      "fontStyle": "normal",
                      "fontWeight": "normal",
                    },
                    Object {},
                  ]
                }
              >
                󰆥
              </Text>
              <Text
                style={
                  Object {
                    "color": "#030303",
                  }
                }
              >
                top of the week
              </Text>
            </View>
            <View
              style={
                Object {
                  "marginTop": 20,
                  "paddingLeft": 20,
                }
              }
            >
              <Text
                style={
                  Object {
                    "color": "#030303",
                  }
                }
              >
                Vegetara
              </Text>
              <Text
                style={
                  Object {
                    "color": "#333",
                  }
                }
              >
                Eth 
                5.99
              </Text>
            </View>
            <View
              style={
                Object {
                  "flexDirection": "row",
                  "justifyContent": "space-between",
                  "marginTop": 10,
                }
              }
            >
              <View
                accessible={true}
                collapsable={false}
                focusable={false}
                nativeID="animatedComponent"
                onClick={[Function]}
                onResponderGrant={[Function]}
                onResponderMove={[Function]}
                onResponderRelease={[Function]}
                onResponderTerminate={[Function]}
                onResponderTerminationRequest={[Function]}
                onStartShouldSetResponder={[Function]}
                style={
                  Object {
                    "alignItems": "center",
                    "backgroundColor": "#B51F67",
                    "borderBottomLeftRadius": 25,
                    "borderTopRightRadius": 25,
                    "justifyContent": "center",
                    "opacity": 1,
                    "paddingHorizontal": 40,
                    "paddingVertical": 20,
                    "width": 90,
                  }
                }
              >
                <Text
                  allowFontScaling={false}
                  style={
                    Array [
                      Object {
                        "color": "#ffffff",
                        "fontSize": 12,
                      },
                      undefined,
                      Object {
                        "fontFamily": "Feather",
                        "fontStyle": "normal",
                        "fontWeight": "normal",
                      },
                      Object {},
                    ]
                  }
                  testID="PlusButton"
                >
                  
                </Text>
              </View>
              <View
                style={
                  Object {
                    "alignItems": "center",
                    "flexDirection": "row",
                  }
                }
              >
                <Text
                  allowFontScaling={false}
                  style={
                    Array [
                      Object {
                        "color": "#333",
                        "fontSize": 14,
                      },
                      undefined,
                      Object {
                        "fontFamily": "Material Design Icons",
                        "fontStyle": "normal",
                        "fontWeight": "normal",
                      },
                      Object {},
                    ]
                  }
                >
                  󰓎
                </Text>
                <Text
                  style={
                    Object {
                      "color": "#333",
                      "marginLeft": 5,
                    }
                  }
                >
                  4.0
                </Text>
              </View>
            </View>
          </View>
          <View
            style={
              Object {
                "marginLeft": 40,
              }
            }
          >
            <Image
              source={
                Object {
                  "uri": "https://ih1.redbubble.net/image.2791945092.0034/st,small,507x507-pad,600x600,f8f8f8.png",
                }
              }
              style={
                Object {
                  "borderRadius": 15,
                  "height": 125,
                  "resizeMode": "contain",
                  "width": 210,
                }
              }
            />
          </View>
        </View>
      </View>
      <View>
        <View
          style={
            Array [
              Object {
                "backgroundColor": "#FFFFFF",
                "borderRadius": 25,
                "elevation": 2,
                "flexDirection": "row",
                "justifyContent": "space-between",
                "overflow": "hidden",
                "paddingTop": 20,
                "shadowOffset": Object {
                  "height": 2,
                  "width": 0,
                },
                "shadowOpacity": 0.05,
                "shadowRadius": 10,
              },
              Object {
                "marginTop": 20,
              },
            ]
          }
        >
          <View>
            <View
              style={
                Object {
                  "alignItems": "center",
                  "flexDirection": "row",
                  "paddingLeft": 20,
                }
              }
            >
              <Text
                allowFontScaling={false}
                style={
                  Array [
                    Object {
                      "color": "#B51F67",
                      "fontSize": 15,
                    },
                    Object {
                      "marginRight": 10,
                    },
                    Object {
                      "fontFamily": "Material Design Icons",
                      "fontStyle": "normal",
                      "fontWeight": "normal",
                    },
                    Object {},
                  ]
                }
              >
                󰆥
              </Text>
              <Text
                style={
                  Object {
                    "color": "#030303",
                  }
                }
              >
                top of the week
              </Text>
            </View>
            <View
              style={
                Object {
                  "marginTop": 20,
                  "paddingLeft": 20,
                }
              }
            >
              <Text
                style={
                  Object {
                    "color": "#030303",
                  }
                }
              >
                Pepperika
              </Text>
              <Text
                style={
                  Object {
                    "color": "#333",
                  }
                }
              >
                Eth 
                9.99
              </Text>
            </View>
            <View
              style={
                Object {
                  "flexDirection": "row",
                  "justifyContent": "space-between",
                  "marginTop": 10,
                }
              }
            >
              <View
                accessible={true}
                collapsable={false}
                focusable={false}
                nativeID="animatedComponent"
                onClick={[Function]}
                onResponderGrant={[Function]}
                onResponderMove={[Function]}
                onResponderRelease={[Function]}
                onResponderTerminate={[Function]}
                onResponderTerminationRequest={[Function]}
                onStartShouldSetResponder={[Function]}
                style={
                  Object {
                    "alignItems": "center",
                    "backgroundColor": "#B51F67",
                    "borderBottomLeftRadius": 25,
                    "borderTopRightRadius": 25,
                    "justifyContent": "center",
                    "opacity": 1,
                    "paddingHorizontal": 40,
                    "paddingVertical": 20,
                    "width": 90,
                  }
                }
              >
                <Text
                  allowFontScaling={false}
                  style={
                    Array [
                      Object {
                        "color": "#ffffff",
                        "fontSize": 12,
                      },
                      undefined,
                      Object {
                        "fontFamily": "Feather",
                        "fontStyle": "normal",
                        "fontWeight": "normal",
                      },
                      Object {},
                    ]
                  }
                  testID="PlusButton"
                >
                  
                </Text>
              </View>
              <View
                style={
                  Object {
                    "alignItems": "center",
                    "flexDirection": "row",
                  }
                }
              >
                <Text
                  allowFontScaling={false}
                  style={
                    Array [
                      Object {
                        "color": "#333",
                        "fontSize": 14,
                      },
                      undefined,
                      Object {
                        "fontFamily": "Material Design Icons",
                        "fontStyle": "normal",
                        "fontWeight": "normal",
                      },
                      Object {},
                    ]
                  }
                >
                  󰓎
                </Text>
                <Text
                  style={
                    Object {
                      "color": "#333",
                      "marginLeft": 5,
                    }
                  }
                >
                  5.0
                </Text>
              </View>
            </View>
          </View>
          <View
            style={
              Object {
                "marginLeft": 40,
              }
            }
          >
            <Image
              source={
                Object {
                  "uri": "https://encrypted-tbn0.gstatic.com/images?q=tbn:ANd9GcQ1uk5pE3ukxP6c-cvWxB8yDSXfGsPLydH4T_468A20_JzU15NC96gEZqccP5T1DtaB6WU&usqp=CAU",
                }
              }
              style={
                Object {
                  "borderRadius": 15,
                  "height": 125,
                  "resizeMode": "contain",
                  "width": 210,
                }
              }
            />
          </View>
        </View>
      </View>
    </View>
  </View>
</RCTScrollView>
`;
